../Drivers/CMSIS/Include/core_cm7.h:2265:22:SCB_InvalidateICache	4	static,ignoring_inline_asm
../Drivers/CMSIS/Include/core_cm7.h:2427:22:SCB_CleanInvalidateDCache	24	static,ignoring_inline_asm
../hal_stm_lvgl/tft/tft.c:118:6:tft_init	8	static
../hal_stm_lvgl/tft/tft.c:180:13:ex_disp_flush	64	static
../hal_stm_lvgl/tft/tft.c:224:13:ex_disp_clean_dcache	16	static
../hal_stm_lvgl/tft/tft.c:233:13:LCD_MspInit	64	static
../hal_stm_lvgl/tft/tft.c:301:13:LCD_ClockConfig	8	static
../hal_stm_lvgl/tft/tft.c:321:16:LCD_Init	16	static
../hal_stm_lvgl/tft/tft.c:382:13:LCD_LayerRgb565Init	72	static
../hal_stm_lvgl/tft/tft.c:413:13:LCD_DisplayOn	8	static
../hal_stm_lvgl/tft/tft.c:421:13:DMA_Config	16	static
../hal_stm_lvgl/tft/tft.c:466:13:DMA_TransferComplete	24	static
../hal_stm_lvgl/tft/tft.c:497:13:DMA_TransferError	16	static
../hal_stm_lvgl/tft/tft.c:507:6:DMA2_Stream0_IRQHandler	8	static
